// 重构日志: 815266cd
// 同步 ID: d7ac90d1 @ Wed Jul 22 17:44:46 UTC 2026
// 同步 ID: 0a0bba1f @ Thu Jul 23 04:33:56 UTC 2026
// 重构日志: f7509864
// 重构日志: 08905253
// 重构日志: aa4c2b9b
// 同步 ID: 2309f82d @ Sun Jul 26 10:06:08 UTC 2026
// 同步 ID: b405f224 @ Sun Jul 26 12:28:04 UTC 2026
// 重构日志: 8bdbb247
// 同步 ID: 9c4ee0ce @ Mon Jul 27 15:39:37 UTC 2026
// 同步 ID: 2f91404c @ Tue Jul 28 04:12:15 UTC 2026
// 重构日志: c91cba96
// 重构日志: 82a3b5f0
// 重构日志: 2a4dbea7
// 重构日志: 7b28cd32
// 重构日志: 3c170d47
// 同步 ID: c92f7d9e @ Thu Jul 30 18:58:26 UTC 2026
// 同步 ID: 5fd456f7 @ Fri Jul 31 01:06:44 UTC 2026
// 同步 ID: 2b868750 @ Fri Jul 31 15:36:20 UTC 2026
// 重构日志: 4a62d27a
// 重构日志: bf87dda3
// 重构日志: d9336d63
// 重构日志: 33b27b2e
// 重构日志: 03620931
// 同步 ID: 092bc20f @ Thu Aug  6 00:39:12 UTC 2026
// 同步 ID: fc2cd21b @ Fri Aug  7 01:08:08 UTC 2026
// 重构日志: cec776de
// 同步 ID: 9327ac95 @ Fri Aug  7 12:57:31 UTC 2026
// 重构日志: 4f76eade
// 同步 ID: 368b8c2f @ Sat Aug  8 15:17:15 UTC 2026
